kotlin version: 2.2.0
error message: java.lang.RuntimeException: Exception while generating code for:
FUN name:asAnnotatedString visibility:public modality:OPEN returnType:androidx.compose.ui.text.AnnotatedString?
  VALUE_PARAMETER kind:DispatchReceiver name:<this> index:0 type:com.dadino.quickstart3.contextformattable.ContextFormattable
  VALUE_PARAMETER kind:Regular name:modifiers index:1 type:kotlin.collections.List<com.dadino.quickstart3.contextformattable.CFModifier>
    EXPRESSION_BODY
      ERROR_EXPR 'Default Stub' type=kotlin.collections.List<com.dadino.quickstart3.contextformattable.CFModifier>
  annotations:
    Composable
  BLOCK_BODY
    VAR name:context type:android.content.Context [val]
      CALL 'public final fun <get-current> (): T of androidx.compose.runtime.CompositionLocal [inline] declared in androidx.compose.runtime.CompositionLocal' type=android.content.Context origin=GET_PROPERTY
        ARG <this>: TYPE_OP type=androidx.compose.runtime.CompositionLocal<T of androidx.compose.runtime.CompositionLocal> origin=IMPLICIT_CAST typeOperand=androidx.compose.runtime.CompositionLocal<T of androidx.compose.runtime.CompositionLocal>
          CALL 'public final fun <get-LocalContext> (): androidx.compose.runtime.ProvidableCompositionLocal<android.content.Context> declared in androidx.compose.ui.platform.AndroidCompositionLocals_androidKt' type=androidx.compose.runtime.ProvidableCompositionLocal<android.content.Context> origin=GET_PROPERTY
    VAR name:formatted type:kotlin.CharSequence? [val]
      CALL 'public final fun remember <T> (key1: kotlin.Any?, key2: kotlin.Any?, calculation: @[DisallowComposableCalls] kotlin.Function0<T of androidx.compose.runtime.ComposablesKt.remember>): T of androidx.compose.runtime.ComposablesKt.remember [inline] declared in androidx.compose.runtime.ComposablesKt' type=kotlin.CharSequence? origin=null
        TYPE_ARG T: kotlin.CharSequence?
        ARG key1: GET_VAR '<this>: com.dadino.quickstart3.contextformattable.ContextFormattable declared in com.dadino.quickstart3.contextformattable.ContextFormattable.asAnnotatedString' type=com.dadino.quickstart3.contextformattable.ContextFormattable origin=null
        ARG key2: GET_VAR 'modifiers: kotlin.collections.List<com.dadino.quickstart3.contextformattable.CFModifier> declared in com.dadino.quickstart3.contextformattable.ContextFormattable.asAnnotatedString' type=kotlin.collections.List<com.dadino.quickstart3.contextformattable.CFModifier> origin=null
        ARG calculation: BLOCK type=kotlin.Function0<kotlin.CharSequence?> origin=LAMBDA
          COMPOSITE type=kotlin.Unit origin=null
          FUNCTION_REFERENCE 'private final fun asAnnotatedString$lambda$0 (this$0: com.dadino.quickstart3.contextformattable.ContextFormattable, $context: android.content.Context, $modifiers: kotlin.collections.List<com.dadino.quickstart3.contextformattable.CFModifier>): kotlin.CharSequence? declared in com.dadino.quickstart3.contextformattable.ContextFormattable' type=kotlin.Function0<kotlin.CharSequence?> origin=INLINE_LAMBDA reflectionTarget=null
            ARG this$0: GET_VAR '<this>: com.dadino.quickstart3.contextformattable.ContextFormattable declared in com.dadino.quickstart3.contextformattable.ContextFormattable.asAnnotatedString' type=com.dadino.quickstart3.contextformattable.ContextFormattable origin=null
            ARG $context: GET_VAR 'val context: android.content.Context [val] declared in com.dadino.quickstart3.contextformattable.ContextFormattable.asAnnotatedString' type=android.content.Context origin=null
            ARG $modifiers: GET_VAR 'modifiers: kotlin.collections.List<com.dadino.quickstart3.contextformattable.CFModifier> declared in com.dadino.quickstart3.contextformattable.ContextFormattable.asAnnotatedString' type=kotlin.collections.List<com.dadino.quickstart3.contextformattable.CFModifier> origin=null
    RETURN type=kotlin.Nothing from='public open fun asAnnotatedString (modifiers: kotlin.collections.List<com.dadino.quickstart3.contextformattable.CFModifier>): androidx.compose.ui.text.AnnotatedString? declared in com.dadino.quickstart3.contextformattable.ContextFormattable'
      BLOCK type=androidx.compose.ui.text.AnnotatedString? origin=WHEN
        VAR IR_TEMPORARY_VARIABLE name:tmp0_subject type:kotlin.CharSequence? [val]
          GET_VAR 'val formatted: kotlin.CharSequence? [val] declared in com.dadino.quickstart3.contextformattable.ContextFormattable.asAnnotatedString' type=kotlin.CharSequence? origin=null
        WHEN type=androidx.compose.ui.text.AnnotatedString? origin=WHEN
          BRANCH
            if: CALL 'public final fun EQEQ (arg0: kotlin.Any?, arg1: kotlin.Any?): kotlin.Boolean declared in kotlin.internal.ir' type=kotlin.Boolean origin=EQEQ
              ARG arg0: GET_VAR 'val tmp0_subject: kotlin.CharSequence? [val] declared in com.dadino.quickstart3.contextformattable.ContextFormattable.asAnnotatedString' type=kotlin.CharSequence? origin=null
              ARG arg1: CONST Null type=kotlin.Nothing? value=null
            then: CONST Null type=kotlin.Nothing? value=null
          BRANCH
            if: TYPE_OP type=kotlin.Boolean origin=INSTANCEOF typeOperand=android.text.Spanned
              GET_VAR 'val tmp0_subject: kotlin.CharSequence? [val] declared in com.dadino.quickstart3.contextformattable.ContextFormattable.asAnnotatedString' type=kotlin.CharSequence? origin=null
            then: CALL 'public final fun <get-annotatedString> (): androidx.compose.ui.text.AnnotatedString declared in com.aghajari.compose.text.ContentAnnotatedString' type=androidx.compose.ui.text.AnnotatedString origin=GET_PROPERTY
              ARG <this>: CALL 'public final fun asAnnotatedString-XO-JAsU$default ($this$asAnnotatedString: android.text.Spanned, spanMappers: kotlin.collections.Map<kotlin.reflect.KClass<*>, @[ExtensionFunctionType] kotlin.Function2<com.aghajari.compose.text.MutableSpanStyle, *, kotlin.Unit>?>?, linkColor: androidx.compose.ui.graphics.Color, isParagraphContentsEnabled: kotlin.Boolean, linkColorMapper: kotlin.Function1<android.text.style.URLSpan, androidx.compose.ui.graphics.Color?>?, $mask0: kotlin.Int, $handler: kotlin.Any?): com.aghajari.compose.text.ContentAnnotatedString declared in com.aghajari.compose.text.ToAnnotatedStringKt' type=com.aghajari.compose.text.ContentAnnotatedString origin=DEFAULT_DISPATCH_CALL
                ARG $this$asAnnotatedString: TYPE_OP type=android.text.Spanned origin=IMPLICIT_CAST typeOperand=android.text.Spanned
                  GET_VAR 'val formatted: kotlin.CharSequence? [val] declared in com.dadino.quickstart3.contextformattable.ContextFormattable.asAnnotatedString' type=kotlin.CharSequence? origin=null
                ARG spanMappers: COMPOSITE type=kotlin.collections.Map<kotlin.reflect.KClass<*>, @[ExtensionFunctionType] kotlin.Function2<com.aghajari.compose.text.MutableSpanStyle, *, kotlin.Unit>?>? origin=DEFAULT_VALUE
                  CONST Null type=kotlin.collections.Map<kotlin.reflect.KClass<*>, @[ExtensionFunctionType] kotlin.Function2<com.aghajari.compose.text.MutableSpanStyle, *, kotlin.Unit>?>? value=null
                ARG linkColor: COMPOSITE type=androidx.compose.ui.graphics.Color origin=DEFAULT_VALUE
                  CALL 'public final fun <unsafe-coerce> <T, R> (v: T of kotlin.jvm.internal.<unsafe-coerce>): R of kotlin.jvm.internal.<unsafe-coerce> declared in kotlin.jvm.internal' type=androidx.compose.ui.graphics.Color origin=null
                    TYPE_ARG T: kotlin.Long
                    TYPE_ARG R: androidx.compose.ui.graphics.Color
                    ARG v: CONST Long type=kotlin.Long value=0
                ARG isParagraphContentsEnabled: COMPOSITE type=kotlin.Boolean origin=DEFAULT_VALUE
                  CONST Boolean type=kotlin.Boolean value=false
                ARG linkColorMapper: COMPOSITE type=kotlin.Function1<android.text.style.URLSpan, androidx.compose.ui.graphics.Color?>? origin=DEFAULT_VALUE
                  CONST Null type=kotlin.Function1<android.text.style.URLSpan, androidx.compose.ui.graphics.Color?>? value=null
                ARG $mask0: CONST Int type=kotlin.Int value=15
                ARG $handler: CONST Null type=kotlin.Any? value=null
          BRANCH
            if: CONST Boolean type=kotlin.Boolean value=true
            then: CONSTRUCTOR_CALL 'public constructor <init> (text: kotlin.String, annotations: kotlin.collections.List<androidx.compose.ui.text.AnnotatedString.Range<out androidx.compose.ui.text.AnnotatedString.Annotation>>?, $mask0: kotlin.Int, $marker: kotlin.jvm.internal.DefaultConstructorMarker?) declared in androidx.compose.ui.text.AnnotatedString' type=androidx.compose.ui.text.AnnotatedString origin=DEFAULT_DISPATCH_CALL
              ARG text: CALL 'public open fun toString (): kotlin.String declared in kotlin.Any' type=kotlin.String origin=null
                ARG <this>: TYPE_OP type=kotlin.Any origin=IMPLICIT_CAST typeOperand=kotlin.Any
                  GET_VAR '<this>: com.dadino.quickstart3.contextformattable.ContextFormattable declared in com.dadino.quickstart3.contextformattable.ContextFormattable.asAnnotatedString' type=com.dadino.quickstart3.contextformattable.ContextFormattable origin=null
              ARG annotations: COMPOSITE type=kotlin.collections.List<androidx.compose.ui.text.AnnotatedString.Range<out androidx.compose.ui.text.AnnotatedString.Annotation>>? origin=DEFAULT_VALUE
                CONST Null type=kotlin.collections.List<androidx.compose.ui.text.AnnotatedString.Range<out androidx.compose.ui.text.AnnotatedString.Annotation>>? value=null
              ARG $mask0: CONST Int type=kotlin.Int value=2
              ARG $marker: CONST Null type=kotlin.jvm.internal.DefaultConstructorMarker? value=null

	at org.jetbrains.kotlin.backend.jvm.codegen.FunctionCodegen.generate(FunctionCodegen.kt:50)
	at org.jetbrains.kotlin.backend.jvm.codegen.FunctionCodegen.generate$default(FunctionCodegen.kt:43)
	at org.jetbrains.kotlin.backend.jvm.codegen.ClassCodegen.generateMethodNode(ClassCodegen.kt:422)
	at org.jetbrains.kotlin.backend.jvm.codegen.ClassCodegen.generateMethod(ClassCodegen.kt:439)
	at org.jetbrains.kotlin.backend.jvm.codegen.ClassCodegen.generate(ClassCodegen.kt:164)
	at org.jetbrains.kotlin.backend.jvm.JvmIrCodegenFactory.generateFile(JvmIrCodegenFactory.kt:419)
	at org.jetbrains.kotlin.backend.jvm.JvmIrCodegenFactory.invokeCodegen(JvmIrCodegenFactory.kt:388)
	at org.jetbrains.kotlin.cli.jvm.compiler.KotlinToJVMBytecodeCompiler.runCodegen$cli(KotlinToJVMBytecodeCompiler.kt:432)
	at org.jetbrains.kotlin.cli.pipeline.jvm.JvmBackendPipelinePhase.executePhase(JvmBackendPipelinePhase.kt:95)
	at org.jetbrains.kotlin.cli.pipeline.jvm.JvmBackendPipelinePhase.executePhase(JvmBackendPipelinePhase.kt:36)
	at org.jetbrains.kotlin.cli.pipeline.jvm.JvmBackendPipelinePhase.executePhase(JvmBackendPipelinePhase.kt:29)
	at org.jetbrains.kotlin.cli.pipeline.PipelinePhase.phaseBody(PipelinePhase.kt:68)
	at org.jetbrains.kotlin.cli.pipeline.PipelinePhase.phaseBody(PipelinePhase.kt:58)
	at org.jetbrains.kotlin.config.phaser.NamedCompilerPhase.invoke(CompilerPhase.kt:102)
	at org.jetbrains.kotlin.backend.common.phaser.CompositePhase.invoke(PhaseBuilders.kt:22)
	at org.jetbrains.kotlin.config.phaser.CompilerPhaseKt.invokeToplevel(CompilerPhase.kt:53)
	at org.jetbrains.kotlin.cli.pipeline.AbstractCliPipeline.runPhasedPipeline(AbstractCliPipeline.kt:109)
	at org.jetbrains.kotlin.cli.pipeline.AbstractCliPipeline.execute(AbstractCliPipeline.kt:68)
	at org.jetbrains.kotlin.cli.jvm.K2JVMCompiler.doExecutePhased(K2JVMCompiler.kt:78)
	at org.jetbrains.kotlin.cli.jvm.K2JVMCompiler.doExecutePhased(K2JVMCompiler.kt:44)
	at org.jetbrains.kotlin.cli.common.CLICompiler.execImpl(CLICompiler.kt:90)
	at org.jetbrains.kotlin.cli.common.CLICompiler.exec(CLICompiler.kt:352)
	at org.jetbrains.kotlin.incremental.IncrementalJvmCompilerRunnerBase.runCompiler(IncrementalJvmCompilerRunnerBase.kt:175)
	at org.jetbrains.kotlin.incremental.IncrementalJvmCompilerRunnerBase.runCompiler(IncrementalJvmCompilerRunnerBase.kt:38)
	at org.jetbrains.kotlin.incremental.IncrementalCompilerRunner.doCompile(IncrementalCompilerRunner.kt:504)
	at org.jetbrains.kotlin.incremental.IncrementalCompilerRunner.compileImpl(IncrementalCompilerRunner.kt:421)
	at org.jetbrains.kotlin.incremental.IncrementalCompilerRunner.tryCompileIncrementally$lambda$10$compile(IncrementalCompilerRunner.kt:254)
	at org.jetbrains.kotlin.incremental.IncrementalCompilerRunner.tryCompileIncrementally(IncrementalCompilerRunner.kt:272)
	at org.jetbrains.kotlin.incremental.IncrementalCompilerRunner.compile(IncrementalCompilerRunner.kt:124)
	at org.jetbrains.kotlin.daemon.CompileServiceImplBase.execIncrementalCompiler(CompileServiceImpl.kt:679)
	at org.jetbrains.kotlin.daemon.CompileServiceImplBase.access$execIncrementalCompiler(CompileServiceImpl.kt:93)
	at org.jetbrains.kotlin.daemon.CompileServiceImpl.compile(CompileServiceImpl.kt:1806)
	at java.base/jdk.internal.reflect.DirectMethodHandleAccessor.invoke(Unknown Source)
	at java.base/java.lang.reflect.Method.invoke(Unknown Source)
	at java.rmi/sun.rmi.server.UnicastServerRef.dispatch(Unknown Source)
	at java.rmi/sun.rmi.transport.Transport$1.run(Unknown Source)
	at java.rmi/sun.rmi.transport.Transport$1.run(Unknown Source)
	at java.base/java.security.AccessController.doPrivileged(Unknown Source)
	at java.rmi/sun.rmi.transport.Transport.serviceCall(Unknown Source)
	at java.rmi/sun.rmi.transport.tcp.TCPTransport.handleMessages(Unknown Source)
	at java.rmi/sun.rmi.transport.tcp.TCPTransport$ConnectionHandler.run0(Unknown Source)
	at java.rmi/sun.rmi.transport.tcp.TCPTransport$ConnectionHandler.lambda$run$0(Unknown Source)
	at java.base/java.security.AccessController.doPrivileged(Unknown Source)
	at java.rmi/sun.rmi.transport.tcp.TCPTransport$ConnectionHandler.run(Unknown Source)
	at java.base/java.util.concurrent.ThreadPoolExecutor.runWorker(Unknown Source)
	at java.base/java.util.concurrent.ThreadPoolExecutor$Worker.run(Unknown Source)
	at java.base/java.lang.Thread.run(Unknown Source)
Caused by: org.jetbrains.kotlin.codegen.CompilationException: Back-end (JVM) Internal error: Couldn't inline method call: CALL 'public final fun <get-current> (): T of androidx.compose.runtime.CompositionLocal [inline] declared in androidx.compose.runtime.CompositionLocal' type=android.content.Context origin=GET_PROPERTY
Method: null
File is unknown
The root cause java.lang.IllegalStateException was thrown at: org.jetbrains.kotlin.codegen.inline.SourceCompilerForInlineKt.getMethodNode(SourceCompilerForInline.kt:129)
	at org.jetbrains.kotlin.backend.jvm.codegen.IrInlineCodegen.genInlineCall(IrInlineCodegen.kt:82)
	at org.jetbrains.kotlin.backend.jvm.codegen.IrInlineCallGenerator.genCall(IrInlineCallGenerator.kt:36)
	at org.jetbrains.kotlin.backend.jvm.codegen.ExpressionCodegen.visitCall(ExpressionCodegen.kt:586)
	at org.jetbrains.kotlin.backend.jvm.codegen.ExpressionCodegen.visitCall(ExpressionCodegen.kt:135)
	at org.jetbrains.kotlin.ir.expressions.IrCall.accept(IrCall.kt:24)
	at org.jetbrains.kotlin.backend.jvm.codegen.ExpressionCodegen.visitVariable(ExpressionCodegen.kt:725)
	at org.jetbrains.kotlin.backend.jvm.codegen.ExpressionCodegen.visitVariable(ExpressionCodegen.kt:135)
	at org.jetbrains.kotlin.ir.declarations.IrVariable.accept(IrVariable.kt:36)
	at org.jetbrains.kotlin.backend.jvm.codegen.ExpressionCodegen.visitStatementContainer(ExpressionCodegen.kt:527)
	at org.jetbrains.kotlin.backend.jvm.codegen.ExpressionCodegen.visitBlockBody(ExpressionCodegen.kt:532)
	at org.jetbrains.kotlin.backend.jvm.codegen.ExpressionCodegen.visitBlockBody(ExpressionCodegen.kt:135)
	at org.jetbrains.kotlin.ir.expressions.IrBlockBody.accept(IrBlockBody.kt:20)
	at org.jetbrains.kotlin.backend.jvm.codegen.ExpressionCodegen.generate(ExpressionCodegen.kt:233)
	at org.jetbrains.kotlin.backend.jvm.codegen.FunctionCodegen.doGenerate(FunctionCodegen.kt:126)
	at org.jetbrains.kotlin.backend.jvm.codegen.FunctionCodegen.generate(FunctionCodegen.kt:47)
	... 46 more
Caused by: java.lang.IllegalStateException: couldn't find inline method Landroidx/compose/runtime/CompositionLocal;.getCurrent()Ljava/lang/Object;
	at org.jetbrains.kotlin.codegen.inline.SourceCompilerForInlineKt.getMethodNode(SourceCompilerForInline.kt:129)
	at org.jetbrains.kotlin.codegen.inline.SourceCompilerForInlineKt.loadCompiledInlineFunction$lambda$2(SourceCompilerForInline.kt:98)
	at org.jetbrains.kotlin.codegen.inline.InlineCache.computeMethodBytes(InlineCache.kt:90)
	at org.jetbrains.kotlin.codegen.inline.SourceCompilerForInlineKt.loadCompiledInlineFunction(SourceCompilerForInline.kt:93)
	at org.jetbrains.kotlin.backend.jvm.codegen.IrSourceCompilerForInline.compileInlineFunction(IrSourceCompilerForInline.kt:96)
	at org.jetbrains.kotlin.backend.jvm.codegen.IrInlineCodegen.genInlineCall(IrInlineCodegen.kt:65)
	... 60 more


